============================= test session starts =============================
platform win32 -- Python 3.13.11, pytest-9.0.3, pluggy-1.6.0 -- C:\Users\jorda\Documents\workspace\model_router\.venv\Scripts\python.exe
cachedir: .pytest_cache
rootdir: C:\Users\jorda\Documents\workspace\model_router
plugins: anyio-4.13.0, respx-0.23.1
collecting ... collected 172 items

tests/test_db_concurrency.py::TestConcurrentWrites::test_concurrent_provider_inserts PASSED [  0%]
tests/test_db_concurrency.py::TestConcurrentWrites::test_concurrent_log_lifecycle_writes PASSED [  1%]
tests/test_db_concurrency.py::TestConcurrentWrites::test_concurrent_reads_and_writes PASSED [  1%]
tests/test_db_concurrency.py::TestConcurrentWrites::test_held_connection_does_not_block_indefinitely PASSED [  2%]
tests/test_double_finish_reason.py::TestDoubleFinishReasonFix::test_openrouter_trailing_usage_chunk_does_not_duplicate_termination[asyncio] PASSED [  2%]
tests/test_double_finish_reason.py::TestDoubleFinishReasonFix::test_text_and_tool_emissions_guarded_by_sent_stop[asyncio] PASSED [  3%]
tests/test_embedding.py::test_embedding_provider_factory PASSED          [  4%]
tests/test_embedding.py::test_embedding_wrap_request PASSED              [  4%]
tests/test_embedding.py::test_embedding_wrap_request_list PASSED         [  5%]
tests/test_embedding.py::test_embedding_unwrap_response PASSED           [  5%]
tests/test_embedding.py::test_embedding_headers PASSED                   [  6%]
tests/test_embedding.py::test_embedding_requires_translation PASSED      [  6%]
tests/test_embedding.py::test_embedding_stream_translator PASSED         [  7%]
tests/test_embedding.py::test_embedding_request_model PASSED             [  8%]
tests/test_embedding.py::test_embedding_provider_in_db PASSED            [  8%]
tests/test_embedding.py::test_embedding_no_provider_returns_400[asyncio] PASSED [  9%]
tests/test_embedding.py::test_embedding_provider_crud[asyncio] PASSED    [  9%]
tests/test_embedding.py::test_embedding_route_with_provider[asyncio] SKIPPED [ 10%]
tests/test_embedding.py::test_nim_factory PASSED                         [ 11%]
tests/test_embedding.py::test_nim_wrap_request_defaults_input_type_to_query PASSED [ 11%]
tests/test_embedding.py::test_nim_wrap_request_respects_client_input_type PASSED [ 12%]
tests/test_embedding.py::test_nim_wrap_request_model_override PASSED     [ 12%]
tests/test_embedding.py::test_nim_wrap_request_passes_encoding_format_and_truncate PASSED [ 13%]
tests/test_embedding.py::test_nim_wrap_request_omits_absent_optional_fields PASSED [ 13%]
tests/test_embedding.py::test_nim_headers PASSED                         [ 14%]
tests/test_embedding.py::test_nim_requires_translation_false PASSED      [ 15%]
tests/test_embedding.py::test_nim_stream_translator_none PASSED          [ 15%]
tests/test_embedding.py::test_nim_unwrap_response_passthrough PASSED     [ 16%]
tests/test_embedding.py::test_embedding_request_model_input_type_field PASSED [ 16%]
tests/test_embedding.py::test_embedding_request_input_type_defaults_none PASSED [ 17%]
tests/test_lazy_loading.py::TestGetLogsMetadata::test_returns_list PASSED [ 18%]
tests/test_lazy_loading.py::TestGetLogsMetadata::test_includes_required_fields PASSED [ 18%]
tests/test_lazy_loading.py::TestGetLogsMetadata::test_does_not_include_events PASSED [ 19%]
tests/test_lazy_loading.py::TestGetLogEvents::test_returns_empty_list_for_nonexistent_log PASSED [ 19%]
tests/test_lazy_loading.py::TestGetLogEvents::test_returns_events_for_existing_log PASSED [ 20%]
tests/test_lazy_loading.py::TestGetLogEvents::test_events_ordered_by_timestamp PASSED [ 20%]
tests/test_lazy_loading.py::TestMetadataVsFullLogs::test_metadata_is_faster_than_full_logs PASSED [ 21%]
tests/test_lazy_loading.py::TestMetadataVsFullLogs::test_combining_metadata_and_events_recreates_full_log PASSED [ 22%]
tests/test_lazy_loading.py::TestBackwardCompatibility::test_get_logs_still_includes_events PASSED [ 22%]
tests/test_lazy_loading_api.py::test_logs_metadata_api_endpoint[asyncio] PASSED [ 23%]
tests/test_lazy_loading_api.py::test_log_events_api_endpoint[asyncio] PASSED [ 23%]
tests/test_lazy_loading_api.py::test_log_events_api_nonexistent[asyncio] PASSED [ 24%]
tests/test_lazy_loading_api.py::test_lazy_loading_workflow[asyncio] PASSED [ 25%]
tests/test_lazy_loading_api.py::test_metadata_vs_full_logs_endpoints[asyncio] PASSED [ 25%]
tests/test_log_lifecycle.py::TestLogEventsTableExists::test_log_events_table_created PASSED [ 26%]
tests/test_log_lifecycle.py::TestStartRequestLog::test_returns_request_id PASSED [ 26%]
tests/test_log_lifecycle.py::TestStartRequestLog::test_creates_log_row_with_status_zero PASSED [ 27%]
tests/test_log_lifecycle.py::TestStartRequestLog::test_creates_router_received_event PASSED [ 27%]
tests/test_log_lifecycle.py::TestStartRequestLog::test_returns_none_when_logging_disabled PASSED [ 28%]
tests/test_log_lifecycle.py::TestAddLogEvent::test_adds_provider_request_event PASSED [ 29%]
tests/test_log_lifecycle.py::TestAddLogEvent::test_adds_provider_response_event_with_status PASSED [ 29%]
tests/test_log_lifecycle.py::TestAddLogEvent::test_noop_when_request_id_is_none PASSED [ 30%]
tests/test_log_lifecycle.py::TestCompleteRequestLog::test_updates_log_row_and_adds_client_response_event PASSED [ 30%]
tests/test_log_lifecycle.py::TestCompleteRequestLog::test_does_not_create_duplicate_log_row PASSED [ 31%]
tests/test_log_lifecycle.py::TestCompleteRequestLog::test_noop_when_request_id_is_none PASSED [ 31%]
tests/test_log_lifecycle.py::TestFullLifecycleFlow::test_full_4_stage_lifecycle PASSED [ 32%]
tests/test_log_lifecycle.py::TestFullLifecycleFlow::test_lifecycle_with_error_response PASSED [ 33%]
tests/test_log_lifecycle.py::TestFullLifecycleFlow::test_multiple_requests_dont_interfere PASSED [ 33%]
tests/test_log_lifecycle.py::TestGetLogsReturnsEvents::test_events_key_always_present PASSED [ 34%]
tests/test_log_lifecycle.py::TestGetLogsReturnsEvents::test_events_ordered_by_insertion PASSED [ 34%]
tests/test_log_lifecycle.py::TestEnforceLimitCascadesEvents::test_deleting_old_logs_removes_their_events PASSED [ 35%]
tests/test_metrics.py::test_metrics_aggregation[asyncio] PASSED          [ 36%]
tests/test_metrics.py::test_router_metrics_capture_non_streaming[asyncio] PASSED [ 36%]
tests/test_metrics.py::test_router_metrics_capture_streaming[asyncio] PASSED [ 37%]
tests/test_metrics.py::test_metrics_api_endpoint[asyncio] PASSED         [ 37%]
tests/test_metrics.py::test_router_metrics_estimation_fallback[asyncio] PASSED [ 38%]
tests/test_metrics.py::test_logs_api[asyncio] PASSED                     [ 38%]
tests/test_metrics.py::test_latency_history_api[asyncio] PASSED          [ 39%]
tests/test_metrics.py::test_routing_api[asyncio] PASSED                  [ 40%]
tests/test_nvidia_nim_chat.py::test_factory_creates_nim_chat_provider PASSED [ 40%]
tests/test_nvidia_nim_chat.py::test_all_nim_defaults_injected_when_absent PASSED [ 41%]
tests/test_nvidia_nim_chat.py::test_default_max_tokens PASSED            [ 41%]
tests/test_nvidia_nim_chat.py::test_default_temperature PASSED           [ 42%]
tests/test_nvidia_nim_chat.py::test_default_top_p PASSED                 [ 43%]
tests/test_nvidia_nim_chat.py::test_default_repetition_penalty PASSED    [ 43%]
tests/test_nvidia_nim_chat.py::test_default_frequency_penalty PASSED     [ 44%]
tests/test_nvidia_nim_chat.py::test_default_presence_penalty PASSED      [ 44%]
tests/test_nvidia_nim_chat.py::test_client_max_tokens_overrides_default PASSED [ 45%]
tests/test_nvidia_nim_chat.py::test_client_temperature_overrides_default PASSED [ 45%]
tests/test_nvidia_nim_chat.py::test_client_top_p_overrides_default PASSED [ 46%]
tests/test_nvidia_nim_chat.py::test_client_nim_specific_param_overrides_default[repetition_penalty-1.0] PASSED [ 47%]
tests/test_nvidia_nim_chat.py::test_client_nim_specific_param_overrides_default[frequency_penalty-0.0] PASSED [ 47%]
tests/test_nvidia_nim_chat.py::test_client_nim_specific_param_overrides_default[presence_penalty-0.5] PASSED [ 48%]
tests/test_nvidia_nim_chat.py::test_all_defaults_overridden_simultaneously PASSED [ 48%]
tests/test_nvidia_nim_chat.py::test_model_name_is_set_from_provider_config PASSED [ 49%]
tests/test_nvidia_nim_chat.py::test_messages_are_translated PASSED       [ 50%]
tests/test_nvidia_nim_chat.py::test_stream_flag_passed_through PASSED    [ 50%]
tests/test_nvidia_nim_chat.py::test_system_prompt_included PASSED        [ 51%]
tests/test_nvidia_nim_chat.py::test_nim_defaults_do_not_bleed_into_messages PASSED [ 51%]
tests/test_nvidia_nim_chat.py::test_headers_contain_bearer_token PASSED  [ 52%]
tests/test_nvidia_nim_chat.py::test_requires_translation_true PASSED     [ 52%]
tests/test_nvidia_nim_chat.py::test_get_stream_translator_returns_object PASSED [ 53%]
tests/test_nvidia_nim_chat.py::test_router_sends_nim_defaults_to_upstream[asyncio] PASSED [ 54%]
tests/test_nvidia_nim_chat.py::test_router_respects_client_hyperparams_over_nim_defaults[asyncio] PASSED [ 54%]
tests/test_proxy.py::test_provider_factory_instantiation PASSED          [ 55%]
tests/test_proxy.py::test_anthropic_to_openai_request_translation PASSED [ 55%]
tests/test_proxy.py::test_anthropic_to_openai_request_with_tools PASSED  [ 56%]
tests/test_proxy.py::test_openai_to_anthropic_response_translation PASSED [ 56%]
tests/test_proxy.py::test_gemini_thought_signature_translation PASSED    [ 57%]
tests/test_proxy.py::test_mistral_sanitization PASSED                    [ 58%]
tests/test_proxy.py::test_rate_limiter_logic[asyncio] PASSED             [ 58%]
tests/test_proxy.py::test_per_provider_rate_limiter[asyncio] PASSED      [ 59%]
tests/test_proxy.py::test_router_routing_logic[asyncio] PASSED           [ 59%]
tests/test_proxy.py::test_database_logging_limits PASSED                 [ 60%]
tests/test_proxy.py::test_model_mapping_db PASSED                        [ 61%]
tests/test_proxy.py::test_provider_service_model_lookup PASSED           [ 61%]
tests/test_proxy.py::test_database_max_tokens_default PASSED             [ 62%]
tests/test_proxy.py::test_database_max_tokens_set_get PASSED             [ 62%]
tests/test_proxy.py::test_provider_max_tokens_passthrough PASSED         [ 63%]
tests/test_proxy.py::test_provider_max_tokens_update PASSED              [ 63%]
tests/test_proxy.py::test_provider_factory_passes_max_tokens PASSED      [ 64%]
tests/test_proxy.py::test_provider_factory_none_max_tokens PASSED        [ 65%]
tests/test_proxy.py::test_openai_response_null_usage PASSED              [ 65%]
tests/test_proxy.py::test_openai_response_missing_usage PASSED           [ 66%]
tests/test_proxy.py::test_settings_request_max_tokens PASSED             [ 66%]
tests/test_proxy.py::test_settings_response_max_tokens PASSED            [ 67%]
tests/test_proxy.py::test_anthropic_to_openai_request_with_image PASSED  [ 68%]
tests/test_proxy.py::test_anthropic_to_openai_request_image_only PASSED  [ 68%]
tests/test_proxy.py::test_anthropic_to_openai_request_multiple_images PASSED [ 69%]
tests/test_proxy.py::test_openai_to_anthropic_request_with_image PASSED  [ 69%]
tests/test_proxy.py::test_openai_to_anthropic_request_image_only PASSED  [ 70%]
tests/test_proxy.py::test_openai_to_anthropic_request_multiple_images PASSED [ 70%]
tests/test_proxy.py::test_roundtrip_image_preserves_data PASSED          [ 71%]
tests/test_proxy.py::test_sanitize_preserves_image_url PASSED            [ 72%]
tests/test_proxy.py::test_sanitize_flattens_text_only PASSED             [ 72%]
tests/test_proxy.py::test_anthropic_tool_result_with_image XFAIL (An...) [ 73%]
tests/test_request_models.py::test_flexible_tool_anthropic_format PASSED [ 73%]
tests/test_request_models.py::test_flexible_tool_openai_format PASSED    [ 74%]
tests/test_request_models.py::test_openai_request_with_anthropic_tools PASSED [ 75%]
tests/test_request_models.py::test_openai_request_with_native_openai_tools PASSED [ 75%]
tests/test_request_models.py::test_openai_request_mixed_tools PASSED     [ 76%]
tests/test_request_models.py::test_openai_request_without_tools PASSED   [ 76%]
tests/test_request_models.py::test_anthropic_request_with_tools PASSED   [ 77%]
tests/test_response_schemas.py::TestAnthropicSchemas::test_message_start_valid PASSED [ 77%]
tests/test_response_schemas.py::TestAnthropicSchemas::test_message_start_missing_message PASSED [ 78%]
tests/test_response_schemas.py::TestAnthropicSchemas::test_content_block_start_valid PASSED [ 79%]
tests/test_response_schemas.py::TestAnthropicSchemas::test_content_block_start_tool_use PASSED [ 79%]
tests/test_response_schemas.py::TestAnthropicSchemas::test_content_block_delta_text PASSED [ 80%]
tests/test_response_schemas.py::TestAnthropicSchemas::test_content_block_delta_tool_input PASSED [ 80%]
tests/test_response_schemas.py::TestAnthropicSchemas::test_content_block_stop_valid PASSED [ 81%]
tests/test_response_schemas.py::TestAnthropicSchemas::test_message_delta_valid PASSED [ 81%]
tests/test_response_schemas.py::TestAnthropicSchemas::test_message_stop_valid PASSED [ 82%]
tests/test_response_schemas.py::TestAnthropicSchemas::test_ping_valid PASSED [ 83%]
tests/test_response_schemas.py::TestAnthropicSSELineValidation::test_valid_message_start_line PASSED [ 83%]
tests/test_response_schemas.py::TestAnthropicSSELineValidation::test_valid_content_block_delta_line PASSED [ 84%]
tests/test_response_schemas.py::TestAnthropicSSELineValidation::test_valid_tool_use_start_line PASSED [ 84%]
tests/test_response_schemas.py::TestAnthropicSSELineValidation::test_done_line_passes PASSED [ 85%]
tests/test_response_schemas.py::TestAnthropicSSELineValidation::test_empty_data_line_passes PASSED [ 86%]
tests/test_response_schemas.py::TestAnthropicSSELineValidation::test_non_data_line_passes PASSED [ 86%]
tests/test_response_schemas.py::TestAnthropicSSELineValidation::test_unknown_event_type_warns PASSED [ 87%]
tests/test_response_schemas.py::TestAnthropicSSELineValidation::test_malformed_json_warns PASSED [ 87%]
tests/test_response_schemas.py::TestOpenAISchemas::test_chat_completion_chunk_valid PASSED [ 88%]
tests/test_response_schemas.py::TestOpenAISchemas::test_chat_completion_chunk_finish PASSED [ 88%]
tests/test_response_schemas.py::TestOpenAISchemas::test_chat_completion_chunk_wrong_object PASSED [ 89%]
tests/test_response_schemas.py::TestOpenAISchemas::test_chat_completion_chunk_tool_calls PASSED [ 90%]
tests/test_response_schemas.py::TestOpenAISSELineValidation::test_valid_chat_chunk_line PASSED [ 90%]
tests/test_response_schemas.py::TestOpenAISSELineValidation::test_done_line_passes PASSED [ 91%]
tests/test_response_schemas.py::TestOpenAISSELineValidation::test_empty_data_line_passes PASSED [ 91%]
tests/test_response_schemas.py::TestOpenAISSELineValidation::test_non_data_line_passes PASSED [ 92%]
tests/test_response_schemas.py::TestOpenAISSELineValidation::test_wrong_object_type_warns PASSED [ 93%]
tests/test_response_schemas.py::TestOpenAISSELineValidation::test_malformed_json_warns PASSED [ 93%]
tests/test_response_schemas.py::TestOpenAISSELineValidation::test_missing_required_fields_warns PASSED [ 94%]
tests/test_response_schemas.py::TestResponseFormatSetting::test_get_response_format_default PASSED [ 94%]
tests/test_response_schemas.py::TestResponseFormatSetting::test_set_response_format_openai PASSED [ 95%]
tests/test_response_schemas.py::TestResponseFormatSetting::test_set_response_format_invalid_raises PASSED [ 95%]
tests/test_response_schemas.py::TestResponseFormatSetting::test_response_format_roundtrip PASSED [ 96%]
tests/test_streaming_id_aggregation.py::TestOpenAIToAnthropicIDPreservation::test_same_id_across_all_chunks FAILED [ 97%]
tests/test_streaming_id_aggregation.py::TestOpenAIToAnthropicIDPreservation::test_id_in_message_start_only_generated_if_missing FAILED [ 97%]
tests/test_streaming_id_aggregation.py::TestOpenAIToAnthropicIDPreservation::test_id_consistency_across_delta_chunks FAILED [ 98%]
tests/test_streaming_id_aggregation.py::TestPassthroughTranslatorIDPassthrough::test_passthrough_preserves_ids FAILED [ 98%]
tests/test_streaming_id_aggregation.py::TestAnthropicToOpenAIIDGeneration::test_generates_consistent_id_from_anthropic_stream FAILED [ 99%]
tests/test_streaming_id_aggregation.py::test_openai_to_anthropic_full_streaming_cycle FAILED [100%]

================================== FAILURES ===================================
async def functions are not natively supported.
You need to install a suitable plugin for your async framework, for example:
  - anyio
  - pytest-asyncio
  - pytest-tornasync
  - pytest-trio
  - pytest-twisted
C:\Users\jorda\Documents\workspace\model_router\.venv\Lib\site-packages\_pytest\python.py:156: Failed: async def functions are not natively supported.
async def functions are not natively supported.
You need to install a suitable plugin for your async framework, for example:
  - anyio
  - pytest-asyncio
  - pytest-tornasync
  - pytest-trio
  - pytest-twisted
C:\Users\jorda\Documents\workspace\model_router\.venv\Lib\site-packages\_pytest\python.py:156: Failed: async def functions are not natively supported.
async def functions are not natively supported.
You need to install a suitable plugin for your async framework, for example:
  - anyio
  - pytest-asyncio
  - pytest-tornasync
  - pytest-trio
  - pytest-twisted
C:\Users\jorda\Documents\workspace\model_router\.venv\Lib\site-packages\_pytest\python.py:156: Failed: async def functions are not natively supported.
async def functions are not natively supported.
You need to install a suitable plugin for your async framework, for example:
  - anyio
  - pytest-asyncio
  - pytest-tornasync
  - pytest-trio
  - pytest-twisted
C:\Users\jorda\Documents\workspace\model_router\.venv\Lib\site-packages\_pytest\python.py:156: Failed: async def functions are not natively supported.
async def functions are not natively supported.
You need to install a suitable plugin for your async framework, for example:
  - anyio
  - pytest-asyncio
  - pytest-tornasync
  - pytest-trio
  - pytest-twisted
C:\Users\jorda\Documents\workspace\model_router\.venv\Lib\site-packages\_pytest\python.py:156: Failed: async def functions are not natively supported.
async def functions are not natively supported.
You need to install a suitable plugin for your async framework, for example:
  - anyio
  - pytest-asyncio
  - pytest-tornasync
  - pytest-trio
  - pytest-twisted
C:\Users\jorda\Documents\workspace\model_router\.venv\Lib\site-packages\_pytest\python.py:156: Failed: async def functions are not natively supported.
============================== warnings summary ===============================
.venv\Lib\site-packages\fastapi\testclient.py:1
  C:\Users\jorda\Documents\workspace\model_router\.venv\Lib\site-packages\fastapi\testclient.py:1: StarletteDeprecationWarning: Using `httpx` with `starlette.testclient` is deprecated; install `httpx2` instead.
    from starlette.testclient import TestClient as TestClient  # noqa

main.py:47
  C:\Users\jorda\Documents\workspace\model_router\main.py:47: DeprecationWarning: 
          on_event is deprecated, use lifespan event handlers instead.
  
          Read more about it in the
          [FastAPI docs for Lifespan Events](https://fastapi.tiangolo.com/advanced/events/).
          
    @app.on_event("startup")

.venv\Lib\site-packages\fastapi\applications.py:4598
.venv\Lib\site-packages\fastapi\applications.py:4598
  C:\Users\jorda\Documents\workspace\model_router\.venv\Lib\site-packages\fastapi\applications.py:4598: DeprecationWarning: 
          on_event is deprecated, use lifespan event handlers instead.
  
          Read more about it in the
          [FastAPI docs for Lifespan Events](https://fastapi.tiangolo.com/advanced/events/).
          
    return self.router.on_event(event_type)  # ty: ignore[deprecated]

main.py:84
  C:\Users\jorda\Documents\workspace\model_router\main.py:84: DeprecationWarning: 
          on_event is deprecated, use lifespan event handlers instead.
  
          Read more about it in the
          [FastAPI docs for Lifespan Events](https://fastapi.tiangolo.com/advanced/events/).
          
    @app.on_event("shutdown")

models\provider.py:48
  C:\Users\jorda\Documents\workspace\model_router\models\provider.py:48: PydanticDeprecatedSince20: Support for class-based `config` is deprecated, use ConfigDict instead. Deprecated in Pydantic V2.0 to be removed in V3.0. See Pydantic V2 Migration Guide at https://errors.pydantic.dev/2.13/migration/
    class ProviderResponse(BaseModel):

models\provider.py:74
  C:\Users\jorda\Documents\workspace\model_router\models\provider.py:74: PydanticDeprecatedSince20: Support for class-based `config` is deprecated, use ConfigDict instead. Deprecated in Pydantic V2.0 to be removed in V3.0. See Pydantic V2 Migration Guide at https://errors.pydantic.dev/2.13/migration/
    class LogEntry(BaseModel):

tests\test_streaming_id_aggregation.py:44
  C:\Users\jorda\Documents\workspace\model_router\tests\test_streaming_id_aggregation.py:44: PytestUnknownMarkWarning: Unknown pytest.mark.asyncio - is this a typo?  You can register custom marks to avoid this warning - for details, see https://docs.pytest.org/en/stable/how-to/mark.html
    @pytest.mark.asyncio

tests\test_streaming_id_aggregation.py:106
  C:\Users\jorda\Documents\workspace\model_router\tests\test_streaming_id_aggregation.py:106: PytestUnknownMarkWarning: Unknown pytest.mark.asyncio - is this a typo?  You can register custom marks to avoid this warning - for details, see https://docs.pytest.org/en/stable/how-to/mark.html
    @pytest.mark.asyncio

tests\test_streaming_id_aggregation.py:160
  C:\Users\jorda\Documents\workspace\model_router\tests\test_streaming_id_aggregation.py:160: PytestUnknownMarkWarning: Unknown pytest.mark.asyncio - is this a typo?  You can register custom marks to avoid this warning - for details, see https://docs.pytest.org/en/stable/how-to/mark.html
    @pytest.mark.asyncio

tests\test_streaming_id_aggregation.py:219
  C:\Users\jorda\Documents\workspace\model_router\tests\test_streaming_id_aggregation.py:219: PytestUnknownMarkWarning: Unknown pytest.mark.asyncio - is this a typo?  You can register custom marks to avoid this warning - for details, see https://docs.pytest.org/en/stable/how-to/mark.html
    @pytest.mark.asyncio

tests\test_streaming_id_aggregation.py:266
  C:\Users\jorda\Documents\workspace\model_router\tests\test_streaming_id_aggregation.py:266: PytestUnknownMarkWarning: Unknown pytest.mark.asyncio - is this a typo?  You can register custom marks to avoid this warning - for details, see https://docs.pytest.org/en/stable/how-to/mark.html
    @pytest.mark.asyncio

tests\test_streaming_id_aggregation.py:325
  C:\Users\jorda\Documents\workspace\model_router\tests\test_streaming_id_aggregation.py:325: PytestUnknownMarkWarning: Unknown pytest.mark.asyncio - is this a typo?  You can register custom marks to avoid this warning - for details, see https://docs.pytest.org/en/stable/how-to/mark.html
    @pytest.mark.asyncio

-- Docs: https://docs.pytest.org/en/stable/how-to/capture-warnings.html
=========================== short test summary info ===========================
FAILED tests/test_streaming_id_aggregation.py::TestOpenAIToAnthropicIDPreservation::test_same_id_across_all_chunks
FAILED tests/test_streaming_id_aggregation.py::TestOpenAIToAnthropicIDPreservation::test_id_in_message_start_only_generated_if_missing
FAILED tests/test_streaming_id_aggregation.py::TestOpenAIToAnthropicIDPreservation::test_id_consistency_across_delta_chunks
FAILED tests/test_streaming_id_aggregation.py::TestPassthroughTranslatorIDPassthrough::test_passthrough_preserves_ids
FAILED tests/test_streaming_id_aggregation.py::TestAnthropicToOpenAIIDGeneration::test_generates_consistent_id_from_anthropic_stream
FAILED tests/test_streaming_id_aggregation.py::test_openai_to_anthropic_full_streaming_cycle
====== 6 failed, 164 passed, 1 skipped, 1 xfailed, 13 warnings in 16.52s ======
